I'm sorry, but errors were detected in your script. Please correct the
errors listed below, and try again.


File "game/new_screen.rpy", line 19: frame expects a non-empty block.
    frame:
          ^

Ren'Py Version: Ren'Py 7.0.0.196
Tue Jun 26 16:24:20 2018
